
===========================================================================
 report_power
============================================================================
======================= nom_slow_1p08V_125C Corner ===================================

Group                    Internal    Switching      Leakage        Total
                            Power        Power        Power        Power (Watts)
------------------------------------------------------------------------
Sequential           7.730654e-05 7.496615e-07 6.774606e-08 7.812395e-05  52.7%
Combinational        1.095362e-05 7.435417e-06 1.826639e-07 1.857170e-05  12.5%
Clock                3.159943e-05 1.988563e-05 2.752480e-08 5.151258e-05  34.8%
Macro                0.000000e+00 0.000000e+00 0.000000e+00 0.000000e+00   0.0%
Pad                  0.000000e+00 0.000000e+00 0.000000e+00 0.000000e+00   0.0%
------------------------------------------------------------------------
Total                1.198596e-04 2.807071e-05 2.779348e-07 1.482083e-04 100.0%
                            80.9%        18.9%         0.2%

