
===========================================================================
 report_power
============================================================================
======================= nom_typ_1p20V_25C Corner ===================================

Group                    Internal    Switching      Leakage        Total
                            Power        Power        Power        Power (Watts)
------------------------------------------------------------------------
Sequential           9.612536e-05 9.643263e-07 1.444165e-08 9.710413e-05  52.0%
Combinational        1.408130e-05 9.550226e-06 4.308774e-08 2.367461e-05  12.7%
Clock                4.021015e-05 2.567092e-05 4.018940e-08 6.592125e-05  35.3%
Macro                0.000000e+00 0.000000e+00 0.000000e+00 0.000000e+00   0.0%
Pad                  0.000000e+00 0.000000e+00 0.000000e+00 0.000000e+00   0.0%
------------------------------------------------------------------------
Total                1.504166e-04 3.618548e-05 9.771870e-08 1.866998e-04 100.0%
                            80.6%        19.4%         0.1%

