Clock: clk
Sources: clk 
Generated: no
Virtual: yes
Propagated: no
Period: 10.000000

===========================================================================
report_clock_properties
============================================================================
Clock                   Period          Waveform
----------------------------------------------------
clk                  10.000000    0.000000  5.000000

===========================================================================
report_clock_latency
============================================================================
Clock clk
rise -> rise
    min     max
0.000000 0.000000 source latency
0.086133         network latency BN[11]$_SDFFE_PP1P_/CLK
        0.087142 network latency B[9]$_SDFFE_PP1P_/CLK
---------------
0.086133 0.087142 latency
        0.001009 skew

fall -> fall
    min     max
0.000000 0.000000 source latency
0.065809         network latency BN[11]$_SDFFE_PP1P_/CLK
        0.066696 network latency B[9]$_SDFFE_PP1P_/CLK
---------------
0.065809 0.066696 latency
        0.000887 skew



===========================================================================
report_clock_min_period
============================================================================
clk period_min = 1.09 fmax = 916.94
