Clock: clk
Sources: clk 
Generated: no
Virtual: yes
Propagated: no
Period: 10.000000

===========================================================================
report_clock_properties
============================================================================
Clock                   Period          Waveform
----------------------------------------------------
clk                  10.000000    0.000000  5.000000

===========================================================================
report_clock_latency
============================================================================
Clock clk
rise -> rise
    min     max
0.000000 0.000000 source latency
0.164386         network latency BN[11]$_SDFFE_PP1P_/CLK
        0.165825 network latency BN[1]$_SDFFE_PP1P_/CLK
---------------
0.164386 0.165825 latency
        0.001440 skew

fall -> fall
    min     max
0.000000 0.000000 source latency
0.167740         network latency BN[11]$_SDFFE_PP1P_/CLK
        0.169017 network latency BN[1]$_SDFFE_PP1P_/CLK
---------------
0.167740 0.169017 latency
        0.001278 skew



===========================================================================
report_clock_min_period
============================================================================
clk period_min = 2.11 fmax = 474.95
