
===========================================================================
 report_power
============================================================================
======================= nom_typ_1p20V_25C Corner ===================================

Group                    Internal    Switching      Leakage        Total
                            Power        Power        Power        Power (Watts)
------------------------------------------------------------------------
Sequential           9.616543e-05 8.478867e-07 1.444165e-08 9.702776e-05  53.3%
Combinational        1.406252e-05 8.125310e-06 4.308773e-08 2.223092e-05  12.2%
Clock                4.015473e-05 2.279066e-05 3.794403e-09 6.294918e-05  34.5%
Macro                0.000000e+00 0.000000e+00 0.000000e+00 0.000000e+00   0.0%
Pad                  0.000000e+00 0.000000e+00 0.000000e+00 0.000000e+00   0.0%
------------------------------------------------------------------------
Total                1.503826e-04 3.176384e-05 6.132377e-08 1.822078e-04 100.0%
                            82.5%        17.4%         0.0%
Writing metric power__internal__total: 0.0001503825915278867
Writing metric power__switching__total: 3.1763844162924215e-5
Writing metric power__leakage__total: 6.13237673974254e-8
Writing metric power__total: 0.00018220776109956205

