Clock: clk
Sources: clk 
Generated: no
Virtual: no
Propagated: no
Period: 10.000000

===========================================================================
report_clock_properties
============================================================================
Clock                   Period          Waveform
----------------------------------------------------
clk                  10.000000    0.000000  5.000000

===========================================================================
report_clock_latency
============================================================================
Clock clk
rise -> rise
    min     max
0.000000 0.000000 source latency
0.099048         network latency BN[0]$_SDFFE_PP1P_/CLK
        0.099048 network latency BN[0]$_SDFFE_PP1P_/CLK
---------------
0.099048 0.099048 latency
        0.000000 skew

fall -> fall
    min     max
0.000000 0.000000 source latency
0.073580         network latency BN[0]$_SDFFE_PP1P_/CLK
        0.073580 network latency BN[0]$_SDFFE_PP1P_/CLK
---------------
0.073580 0.073580 latency
        0.000000 skew



===========================================================================
report_clock_min_period
============================================================================
clk period_min = 0.00 fmax = inf
