
===========================================================================
 report_power
============================================================================
======================= nom_slow_1p08V_125C Corner ===================================

Group                    Internal    Switching      Leakage        Total
                            Power        Power        Power        Power (Watts)
------------------------------------------------------------------------
Sequential           7.528106e-05 1.789831e-06 6.626800e-08 7.713716e-05  94.0%
Combinational        3.067258e-06 1.818270e-06 4.404275e-08 4.929570e-06   6.0%
Clock                0.000000e+00 0.000000e+00 0.000000e+00 0.000000e+00   0.0%
Macro                0.000000e+00 0.000000e+00 0.000000e+00 0.000000e+00   0.0%
Pad                  0.000000e+00 0.000000e+00 0.000000e+00 0.000000e+00   0.0%
------------------------------------------------------------------------
Total                7.834833e-05 3.608101e-06 1.103108e-07 8.206674e-05 100.0%
                            95.5%         4.4%         0.1%

