Clock: clk
Sources: clk 
Generated: no
Virtual: no
Propagated: no
Period: 10.000000

===========================================================================
report_clock_properties
============================================================================
Clock                   Period          Waveform
----------------------------------------------------
clk                  10.000000    0.000000  5.000000

===========================================================================
report_clock_latency
============================================================================
Clock clk
rise -> rise
    min     max
0.000000 0.000000 source latency
0.047970         network latency BN[0]$_SDFFE_PP1P_/CLK
        0.047970 network latency BN[0]$_SDFFE_PP1P_/CLK
---------------
0.047970 0.047970 latency
        0.000000 skew

fall -> fall
    min     max
0.000000 0.000000 source latency
0.035840         network latency BN[0]$_SDFFE_PP1P_/CLK
        0.035840 network latency BN[0]$_SDFFE_PP1P_/CLK
---------------
0.035840 0.035840 latency
        0.000000 skew



===========================================================================
report_clock_min_period
============================================================================
clk period_min = 0.00 fmax = inf
