
===========================================================================
Violator List
============================================================================
[hold reg-reg] dbit[2]$_SDFFE_PP0P_/Q -> dbit[2]$_SDFFE_PP0P_/D : -0.020551
[hold reg-reg] dbit[3]$_SDFFE_PP1P_/Q -> dbit[3]$_SDFFE_PP1P_/D : -0.018211
[hold reg-reg] BN[0]$_SDFFE_PP1P_/Q -> BN[0]$_SDFFE_PP1P_/D : -0.017865
[hold reg-reg] BN[10]$_SDFFE_PP1P_/Q -> BN[10]$_SDFFE_PP1P_/D : -0.017865
[hold reg-reg] BN[1]$_SDFFE_PP1P_/Q -> BN[1]$_SDFFE_PP1P_/D : -0.017865
[hold reg-reg] BN[2]$_SDFFE_PP1P_/Q -> BN[2]$_SDFFE_PP1P_/D : -0.017865
[hold reg-reg] BN[3]$_SDFFE_PP1P_/Q -> BN[3]$_SDFFE_PP1P_/D : -0.017865
[hold reg-reg] BN[4]$_SDFFE_PP1P_/Q -> BN[4]$_SDFFE_PP1P_/D : -0.017865
[hold reg-reg] BN[5]$_SDFFE_PP1P_/Q -> BN[5]$_SDFFE_PP1P_/D : -0.017865
[hold reg-reg] BN[6]$_SDFFE_PP1P_/Q -> BN[6]$_SDFFE_PP1P_/D : -0.017865
[hold reg-reg] BN[7]$_SDFFE_PP1P_/Q -> BN[7]$_SDFFE_PP1P_/D : -0.017865
[hold reg-reg] BN[8]$_SDFFE_PP1P_/Q -> BN[8]$_SDFFE_PP1P_/D : -0.017865
[hold reg-reg] BN[9]$_SDFFE_PP1P_/Q -> BN[9]$_SDFFE_PP1P_/D : -0.017865
[hold reg-reg] B[0]$_SDFFE_PP1P_/Q -> B[0]$_SDFFE_PP1P_/D : -0.017637
[hold reg-reg] B[10]$_SDFFE_PP1P_/Q -> B[10]$_SDFFE_PP1P_/D : -0.017637
[hold reg-reg] B[1]$_SDFFE_PP1P_/Q -> B[1]$_SDFFE_PP1P_/D : -0.017637
[hold reg-reg] B[2]$_SDFFE_PP1P_/Q -> B[2]$_SDFFE_PP1P_/D : -0.017637
[hold reg-reg] B[3]$_SDFFE_PP1P_/Q -> B[3]$_SDFFE_PP1P_/D : -0.017637
[hold reg-reg] B[4]$_SDFFE_PP1P_/Q -> B[4]$_SDFFE_PP1P_/D : -0.017637
[hold reg-reg] B[5]$_SDFFE_PP1P_/Q -> B[5]$_SDFFE_PP1P_/D : -0.017637
[hold reg-reg] B[6]$_SDFFE_PP1P_/Q -> B[6]$_SDFFE_PP1P_/D : -0.017637
[hold reg-reg] B[7]$_SDFFE_PP1P_/Q -> B[7]$_SDFFE_PP1P_/D : -0.017637
[hold reg-reg] B[8]$_SDFFE_PP1P_/Q -> B[8]$_SDFFE_PP1P_/D : -0.017637
[hold reg-reg] B[9]$_SDFFE_PP1P_/Q -> B[9]$_SDFFE_PP1P_/D : -0.017637
[hold reg-reg] BN[11]$_SDFFE_PP1P_/Q -> BN[11]$_SDFFE_PP1P_/D : -0.013743
