                                                                        Cells by Master                                                                         
┏━━━━━━━━━━━━━━━━━━━━━━━━━━━━━━━━━━━━━━━━━━━━━━━━━━━━━━━━━━━━━━━━━━━━━━━━━━━━━━━━━━━━━━━━━━━━━━━━━━━━━━━━━━━━━━━━━━━━━━━━┳━━━━━━━━━━━━━━━━━━━━━━━━━━━━━━━━━━━━━┓
┃ Cell                                                                                                                   ┃ Count                               ┃
┡━━━━━━━━━━━━━━━━━━━━━━━━━━━━━━━━━━━━━━━━━━━━━━━━━━━━━━━━━━━━━━━━━━━━━━━━━━━━━━━━━━━━━━━━━━━━━━━━━━━━━━━━━━━━━━━━━━━━━━━━╇━━━━━━━━━━━━━━━━━━━━━━━━━━━━━━━━━━━━━┩
│ sg13g2_a21o_1                                                                                                          │ 26                                  │
│ sg13g2_a21oi_1                                                                                                         │ 2                                   │
│ sg13g2_buf_1                                                                                                           │ 48                                  │
│ sg13g2_buf_2                                                                                                           │ 1                                   │
│ sg13g2_buf_8                                                                                                           │ 15                                  │
│ sg13g2_decap_4                                                                                                         │ 12                                  │
│ sg13g2_decap_8                                                                                                         │ 40                                  │
│ sg13g2_dfrbpq_1                                                                                                        │ 24                                  │
│ sg13g2_dfrbpq_2                                                                                                        │ 4                                   │
│ sg13g2_dlygate4sd3_1                                                                                                   │ 47                                  │
│ sg13g2_fill_1                                                                                                          │ 37                                  │
│ sg13g2_fill_2                                                                                                          │ 40                                  │
│ sg13g2_mux2_1                                                                                                          │ 11                                  │
│ sg13g2_nand3_1                                                                                                         │ 18                                  │
│ sg13g2_nand3b_1                                                                                                        │ 2                                   │
│ sg13g2_nand4_1                                                                                                         │ 6                                   │
│ sg13g2_nor2_2                                                                                                          │ 2                                   │
│ sg13g2_nor2b_1                                                                                                         │ 2                                   │
│ sg13g2_nor2b_2                                                                                                         │ 4                                   │
│ sg13g2_o21ai_1                                                                                                         │ 3                                   │
│ sg13g2_or2_1                                                                                                           │ 2                                   │
│ sg13g2_or3_1                                                                                                           │ 1                                   │
│ sg13g2_tiehi                                                                                                           │ 28                                  │
│ sg13g2_xnor2_1                                                                                                         │ 1                                   │
└────────────────────────────────────────────────────────────────────────────────────────────────────────────────────────┴─────────────────────────────────────┘
