113. Printing statistics.

=== sar_logic ===

   Number of wires:                135
   Number of wire bits:            178
   Number of public wires:           9
   Number of public wire bits:      45
   Number of ports:                  8
   Number of port bits:             41
   Number of memories:               0
   Number of memory bits:            0
   Number of processes:              0
   Number of cells:                168
     $_ANDNOT_                      44
     $_MUX_                         67
     $_NAND_                         3
     $_NOR_                          5
     $_NOT_                          4
     $_ORNOT_                        2
     $_OR_                           8
     $_XNOR_                         2
     $_XOR_                          5
     sg13g2_dfrbpq_1                28

   Area for cell type $_NOT_ is unknown!
   Area for cell type $_NAND_ is unknown!
   Area for cell type $_OR_ is unknown!
   Area for cell type $_NOR_ is unknown!
   Area for cell type $_XOR_ is unknown!
   Area for cell type $_XNOR_ is unknown!
   Area for cell type $_ANDNOT_ is unknown!
   Area for cell type $_ORNOT_ is unknown!
   Area for cell type $_MUX_ is unknown!

   Chip area for module '\sar_logic': 1371.686400
     of which used for sequential elements: 1371.686400 (100.00%)

