107. Printing statistics.

=== sar_logic ===

   Number of wires:                 79
   Number of wire bits:            122
   Number of public wires:           9
   Number of public wire bits:      45
   Number of ports:                  8
   Number of port bits:             41
   Number of memories:               0
   Number of memory bits:            0
   Number of processes:              0
   Number of cells:                112
     $_ANDNOT_                      44
     $_MUX_                         11
     $_NAND_                         3
     $_NOR_                          5
     $_NOT_                          4
     $_ORNOT_                        2
     $_OR_                           8
     $_SDFFE_PP0P_                   1
     $_SDFFE_PP1P_                  27
     $_XNOR_                         2
     $_XOR_                          5

   Area for cell type $_NOT_ is unknown!
   Area for cell type $_NAND_ is unknown!
   Area for cell type $_OR_ is unknown!
   Area for cell type $_NOR_ is unknown!
   Area for cell type $_XOR_ is unknown!
   Area for cell type $_XNOR_ is unknown!
   Area for cell type $_ANDNOT_ is unknown!
   Area for cell type $_ORNOT_ is unknown!
   Area for cell type $_MUX_ is unknown!
   Area for cell type $_SDFFE_PP0P_ is unknown!
   Area for cell type $_SDFFE_PP1P_ is unknown!

