Clock: clk
Sources: clk 
Generated: no
Virtual: yes
Propagated: no
Period: 10.000000

===========================================================================
report_clock_properties
============================================================================
Clock                   Period          Waveform
----------------------------------------------------
clk                  10.000000    0.000000  5.000000

===========================================================================
report_clock_latency
============================================================================
Clock clk
rise -> rise
    min     max
0.000000 0.000000 source latency
0.170069         network latency B[3]$_SDFFE_PP1P_/CLK
        0.171212 network latency B[1]$_SDFFE_PP1P_/CLK
---------------
0.170069 0.171212 latency
        0.001143 skew

fall -> fall
    min     max
0.000000 0.000000 source latency
0.173168         network latency BN[5]$_SDFFE_PP1P_/CLK
        0.174191 network latency B[1]$_SDFFE_PP1P_/CLK
---------------
0.173168 0.174191 latency
        0.001023 skew



===========================================================================
report_clock_min_period
============================================================================
clk period_min = 2.13 fmax = 468.49
