
===========================================================================
report_checks -unconstrained
===========================================================================
======================= nom_typ_1p20V_25C Corner ===================================

Startpoint: Op (input port clocked by clk)
Endpoint: B[11]$_SDFFE_PP1P_ (rising edge-triggered flip-flop clocked by clk)
Path Group: clk
Path Type: max

Fanout         Cap        Slew       Delay        Time   Description
---------------------------------------------------------------------------------------------
                      0.150000    0.000000    0.000000   clock clk (rise edge)
                                  0.000000    0.000000   clock network delay (ideal)
                                  2.000000    2.000000 ^ input external delay
     3    0.010948    0.027834    0.008906    2.008906 ^ Op (in)
                                                         Op (net)
                      0.027834    0.000000    2.008906 ^ _128_/B_N (sg13g2_nor2b_1)
    12    0.037266    0.319182    0.287042    2.295948 ^ _128_/Y (sg13g2_nor2b_1)
                                                         _030_ (net)
                      0.319182    0.000000    2.295948 ^ _133_/D (sg13g2_nand4_1)
     1    0.002763    0.089347    0.166569    2.462517 v _133_/Y (sg13g2_nand4_1)
                                                         _033_ (net)
                      0.089347    0.000000    2.462517 v _134_/A2 (sg13g2_a21o_1)
     1    0.001430    0.025805    0.130147    2.592664 v _134_/X (sg13g2_a21o_1)
                                                         _014_ (net)
                      0.025805    0.000000    2.592664 v B[11]$_SDFFE_PP1P_/D (sg13g2_dfrbpq_1)
                                              2.592664   data arrival time

                      0.150000   10.000000   10.000000   clock clk (rise edge)
                                  0.000000   10.000000   clock network delay (ideal)
                                 -0.250000    9.750000   clock uncertainty
                                  0.000000    9.750000   clock reconvergence pessimism
                                              9.750000 ^ B[11]$_SDFFE_PP1P_/CLK (sg13g2_dfrbpq_1)
                                 -0.081507    9.668493   library setup time
                                              9.668493   data required time
---------------------------------------------------------------------------------------------
                                              9.668493   data required time
                                             -2.592664   data arrival time
---------------------------------------------------------------------------------------------
                                              7.075829   slack (MET)




===========================================================================
report_checks --slack_max -0.01
============================================================================
======================= nom_typ_1p20V_25C Corner ===================================

No paths found.


===========================================================================
 report_check_types -max_slew -max_cap -max_fanout -violators
============================================================================
======================= nom_typ_1p20V_25C Corner ===================================

max fanout

Pin                                   Limit Fanout  Slack
---------------------------------------------------------
rst                                       8     28    -20 (VIOLATED)
B[11]$_SDFFE_PP1P_/Q                      8     13     -5 (VIOLATED)
dbit[0]$_SDFFE_PP1P_/Q                    8     13     -5 (VIOLATED)
_096_/Y                                   8     12     -4 (VIOLATED)
_128_/Y                                   8     12     -4 (VIOLATED)
dbit[1]$_SDFFE_PP1P_/Q                    8     11     -3 (VIOLATED)
_099_/Y                                   8     10     -2 (VIOLATED)
_103_/Y                                   8      9        (VIOLATED)



===========================================================================
report_parasitic_annotation -report_unannotated
============================================================================
Found 141 unannotated drivers.
 Om
 Op
 clk
 rst
 BN\[0\]$_SDFFE_PP1P_/Q
 BN\[10\]$_SDFFE_PP1P_/Q
 BN\[11\]$_SDFFE_PP1P_/Q
 BN\[1\]$_SDFFE_PP1P_/Q
 BN\[2\]$_SDFFE_PP1P_/Q
 BN\[3\]$_SDFFE_PP1P_/Q
 BN\[4\]$_SDFFE_PP1P_/Q
 BN\[5\]$_SDFFE_PP1P_/Q
 BN\[6\]$_SDFFE_PP1P_/Q
 BN\[7\]$_SDFFE_PP1P_/Q
 BN\[8\]$_SDFFE_PP1P_/Q
 BN\[9\]$_SDFFE_PP1P_/Q
 B\[0\]$_SDFFE_PP1P_/Q
 B\[10\]$_SDFFE_PP1P_/Q
 B\[11\]$_SDFFE_PP1P_/Q
 B\[1\]$_SDFFE_PP1P_/Q
 B\[2\]$_SDFFE_PP1P_/Q
 B\[3\]$_SDFFE_PP1P_/Q
 B\[4\]$_SDFFE_PP1P_/Q
 B\[5\]$_SDFFE_PP1P_/Q
 B\[6\]$_SDFFE_PP1P_/Q
 B\[7\]$_SDFFE_PP1P_/Q
 B\[8\]$_SDFFE_PP1P_/Q
 B\[9\]$_SDFFE_PP1P_/Q
 _096_/Y
 _097_/Y
 _098_/X
 _099_/Y
 _100_/Y
 _101_/X
 _102_/Y
 _103_/Y
 _104_/Y
 _105_/X
 _106_/Y
 _107_/X
 _108_/Y
 _109_/Y
 _110_/X
 _111_/Y
 _112_/X
 _113_/Y
 _114_/X
 _115_/Y
 _116_/Y
 _117_/X
 _118_/Y
 _119_/X
 _120_/Y
 _121_/X
 _122_/Y
 _123_/X
 _124_/Y
 _125_/X
 _126_/Y
 _127_/X
 _128_/Y
 _129_/Y
 _130_/X
 _131_/Y
 _132_/X
 _133_/Y
 _134_/X
 _135_/Y
 _136_/X
 _137_/Y
 _138_/X
 _139_/Y
 _140_/X
 _141_/Y
 _142_/X
 _143_/Y
 _144_/X
 _145_/Y
 _146_/X
 _147_/Y
 _148_/X
 _149_/Y
 _150_/X
 _151_/Y
 _152_/X
 _153_/X
 _154_/X
 _155_/X
 _156_/X
 _157_/X
 _158_/X
 _159_/X
 _160_/X
 _161_/X
 _162_/X
 _163_/X
 _164_/X
 _165_/Y
 _166_/X
 _167_/Y
 _168_/Y
 _169_/Y
 _170_/X
 _171_/Y
 _172_/Y
 _173_/Y
 _174_/Y
 _175_/X
 _176_/L_HI
 _177_/L_HI
 _178_/L_HI
 _179_/L_HI
 _180_/L_HI
 _181_/L_HI
 _182_/L_HI
 _183_/L_HI
 _184_/L_HI
 _185_/L_HI
 _186_/L_HI
 _187_/L_HI
 _188_/L_HI
 _189_/L_HI
 _190_/L_HI
 _191_/L_HI
 _192_/L_HI
 _193_/L_HI
 _194_/L_HI
 _195_/L_HI
 _196_/L_HI
 _197_/L_HI
 _198_/L_HI
 _199_/L_HI
 _200_/L_HI
 _201_/L_HI
 _202_/L_HI
 _203_/L_HI
 _204_/X
 dbit\[0\]$_SDFFE_PP1P_/Q
 dbit\[1\]$_SDFFE_PP1P_/Q
 dbit\[2\]$_SDFFE_PP0P_/Q
 dbit\[3\]$_SDFFE_PP1P_/Q
Found 0 partially unannotated drivers.

===========================================================================
max slew violation count 0
max fanout violation count 8
max cap violation count 0
============================================================================

===========================================================================
check_setup -verbose -unconstrained_endpoints -multiple_clock -no_clock -no_input_delay -loops -generated_clocks
===========================================================================
