Clock: clk
Sources: clk 
Generated: no
Virtual: no
Propagated: no
Period: 10.000000

===========================================================================
report_clock_properties
============================================================================
Clock                   Period          Waveform
----------------------------------------------------
clk                  10.000000    0.000000  5.000000

===========================================================================
report_clock_latency
============================================================================
Clock clk
rise -> rise
    min     max
0.000000 0.000000 source latency
0.067633         network latency BN[0]$_SDFFE_PP1P_/CLK
        0.067633 network latency BN[0]$_SDFFE_PP1P_/CLK
---------------
0.067633 0.067633 latency
        0.000000 skew

fall -> fall
    min     max
0.000000 0.000000 source latency
0.049061         network latency BN[0]$_SDFFE_PP1P_/CLK
        0.049061 network latency BN[0]$_SDFFE_PP1P_/CLK
---------------
0.049061 0.049061 latency
        0.000000 skew



===========================================================================
report_clock_min_period
============================================================================
clk period_min = 0.00 fmax = inf
