
===========================================================================
 report_power
============================================================================
======================= nom_typ_1p20V_25C Corner ===================================

Group                    Internal    Switching      Leakage        Total
                            Power        Power        Power        Power (Watts)
------------------------------------------------------------------------
Sequential           9.411699e-05 2.341816e-06 1.417367e-08 9.647298e-05  93.8%
Combinational        3.992086e-06 2.385077e-06 1.247377e-08 6.389637e-06   6.2%
Clock                0.000000e+00 0.000000e+00 0.000000e+00 0.000000e+00   0.0%
Macro                0.000000e+00 0.000000e+00 0.000000e+00 0.000000e+00   0.0%
Pad                  0.000000e+00 0.000000e+00 0.000000e+00 0.000000e+00   0.0%
------------------------------------------------------------------------
Total                9.810909e-05 4.726894e-06 2.664742e-08 1.028626e-04 100.0%
                            95.4%         4.6%         0.0%

