Clock: clk
Sources: clk 
Generated: no
Virtual: yes
Propagated: no
Period: 10.000000

===========================================================================
report_clock_properties
============================================================================
Clock                   Period          Waveform
----------------------------------------------------
clk                  10.000000    0.000000  5.000000

===========================================================================
report_clock_latency
============================================================================
Clock clk
rise -> rise
    min     max
0.000000 0.000000 source latency
0.119432         network latency BN[11]$_SDFFE_PP1P_/CLK
        0.121266 network latency BN[1]$_SDFFE_PP1P_/CLK
---------------
0.119432 0.121266 latency
        0.001833 skew

fall -> fall
    min     max
0.000000 0.000000 source latency
0.119887         network latency BN[11]$_SDFFE_PP1P_/CLK
        0.121581 network latency BN[1]$_SDFFE_PP1P_/CLK
---------------
0.119887 0.121581 latency
        0.001693 skew



===========================================================================
report_clock_min_period
============================================================================
clk period_min = 1.52 fmax = 657.09
