
===========================================================================
 report_power
============================================================================
======================= nom_fast_1p32V_m40C Corner ===================================

Group                    Internal    Switching      Leakage        Total
                            Power        Power        Power        Power (Watts)
------------------------------------------------------------------------
Sequential           1.167829e-04 1.224014e-06 2.987196e-08 1.180368e-04  51.0%
Combinational        1.762240e-05 1.208061e-05 1.009446e-07 2.980395e-05  12.9%
Clock                5.071206e-05 3.268468e-05 1.422375e-07 8.353898e-05  36.1%
Macro                0.000000e+00 0.000000e+00 0.000000e+00 0.000000e+00   0.0%
Pad                  0.000000e+00 0.000000e+00 0.000000e+00 0.000000e+00   0.0%
------------------------------------------------------------------------
Total                1.851173e-04 4.598931e-05 2.730541e-07 2.313797e-04 100.0%
                            80.0%        19.9%         0.1%

