+ analyze_power_grid -net VPWR -voltage_file /home/fawad/ICdesign/sar_logic_12bit/runs/RUN_2026-06-12_03-57-55/56-openroad-irdropreport/net-VPWR.csv
[INFO PSM-0040] All shapes on net VPWR are connected.
########## IR report #################
Net              : VPWR
Corner           : nom_typ_1p20V_25C
Supply voltage   : 1.20e+00 V
Worstcase voltage: 1.20e+00 V
Average voltage  : 1.20e+00 V
Average IR drop  : 3.18e-04 V
Worstcase IR drop: 6.25e-04 V
Percentage drop  : 0.05 %
######################################
+ analyze_power_grid -net VGND -voltage_file /home/fawad/ICdesign/sar_logic_12bit/runs/RUN_2026-06-12_03-57-55/56-openroad-irdropreport/net-VGND.csv
[INFO PSM-0040] All shapes on net VGND are connected.
########## IR report #################
Net              : VGND
Corner           : nom_typ_1p20V_25C
Supply voltage   : 0.00e+00 V
Worstcase voltage: 7.03e-04 V
Average voltage  : 2.78e-04 V
Average IR drop  : 2.78e-04 V
Worstcase IR drop: 7.03e-04 V
Percentage drop  : 0.06 %
######################################
